2026-07-28 12:00:18,554 [INFO] app.main: Serving frontend from D:\PROJECTS\Final project\AI Powered Retail Recommendation Platform\frontend\dist
INFO:     Started server process [5616]
INFO:     Waiting for application startup.
2026-07-28 12:00:18,664 [INFO] app.main: Starting Retail Hyper-Personalisation Engine...
2026-07-28 12:00:18,727 [INFO] app.main: Database tables created/verified.
2026-07-28 12:00:18,744 [INFO] app.seed_data: Seeding database with synthetic data...
2026-07-28 12:00:18,778 [INFO] app.seed_data: Generated 760 products.
2026-07-28 12:00:18,792 [INFO] app.seed_data: Generated 500 customers.
2026-07-28 12:00:19,377 [INFO] app.seed_data: Generated 10000 events.
2026-07-28 12:00:20,341 [INFO] app.seed_data: Assigned 222 segments across customers.
2026-07-28 12:00:20,341 [INFO] app.offers: Seeded 8 offers.
2026-07-28 12:00:20,357 [INFO] app.offers: Assigned 222 offers to customers.
2026-07-28 12:00:20,357 [INFO] app.seed_data: Database seeding complete!
2026-07-28 12:00:20,373 [INFO] app.offers: Refreshed 8 offers validity.
2026-07-28 12:00:20,373 [INFO] app.offers: Assigned 222 offers to customers.
2026-07-28 12:00:21,538 [INFO] app.recommender: No model found at ./data/model.pkl
2026-07-28 12:00:21,538 [INFO] app.main: No pre-trained model found. Use POST /api/admin/train to train one.
2026-07-28 12:00:21,538 [INFO] app.main: Application startup complete.
INFO:     Application startup complete.
INFO:     Uvicorn running on http://0.0.0.0:8000 (Press CTRL+C to quit)
